   Compiling proc-macro2 v1.0.107
   Compiling quote v1.0.47
   Compiling unicode-ident v1.0.26
   Compiling libc v0.2.190
    Checking cfg-if v1.0.5
    Checking pin-project-lite v0.2.17
    Checking memchr v2.8.3
    Checking smallvec v1.16.2
    Checking futures-core v0.3.34
    Checking bytes v1.12.1
   Compiling portable-atomic v1.15.0
    Checking futures-sink v0.3.34
    Checking log v0.4.34
   Compiling version_check v0.9.5
    Checking subtle v2.6.1
    Checking critical-section v1.2.0
    Checking slab v0.4.12
    Checking futures-io v0.3.34
    Checking futures-channel v0.3.34
   Compiling generic-array v0.14.7
    Checking typenum v1.20.1
    Checking futures-task v0.3.34
   Compiling parking_lot_core v0.9.12
    Checking scopeguard v1.2.0
    Checking lock_api v0.4.14
    Checking stable_deref_trait v1.2.1
   Compiling thiserror v2.0.21
   Compiling zerocopy v0.8.59
   Compiling serde_core v1.0.229
   Compiling syn v3.0.6
   Compiling syn v2.0.119
   Compiling semver v1.0.28
    Checking once_cell v1.21.4
    Checking tracing-core v0.1.36
   Compiling rustc_version v0.4.1
    Checking litemap v0.8.3
    Checking cpufeatures v0.2.17
    Checking writeable v0.6.4
   Compiling icu_normalizer_data v2.3.0
    Checking utf8_iter v1.0.4
    Checking block-buffer v0.10.4
   Compiling icu_properties_data v2.3.0
    Checking percent-encoding v2.3.2
   Compiling serde v1.0.229
   Compiling anyhow v1.0.104
    Checking form_urlencoded v1.2.2
   Compiling curve25519-dalek v4.1.3
   Compiling shlex v2.0.1
   Compiling either v1.18.0
   Compiling find-msvc-tools v0.1.14
    Checking getrandom v0.2.17
    Checking rand_core v0.6.4
    Checking errno v0.3.14
    Checking parking_lot v0.12.5
    Checking socket2 v0.6.5
    Checking signal-hook-registry v1.4.8
    Checking crypto-common v0.1.7
    Checking mio v1.2.4
    Checking digest v0.10.7
   Compiling itertools v0.14.0
   Compiling cc v1.6.0
    Checking signature v2.2.0
    Checking unsigned-varint v0.8.0
    Checking data-encoding v2.11.1
    Checking static_assertions v1.1.0
    Checking ed25519 v2.2.3
    Checking hmac v0.12.1
    Checking sha2 v0.10.9
    Checking byteorder v1.5.0
    Checking hkdf v0.12.4
    Checking multihash v0.19.5
    Checking bs58 v0.5.1
    Checking const-str v0.4.3
    Checking base45 v3.2.0
    Checking base-x v0.2.11
    Checking quick-protobuf v0.8.1
    Checking web-time v1.1.0
    Checking fnv v1.0.7
    Checking arrayref v0.3.9
    Checking unsigned-varint v0.7.2
    Checking futures-timer v3.0.4
    Checking itoa v1.0.18
   Compiling heck v0.5.0
   Compiling cfg_aliases v0.2.2
    Checking foldhash v0.1.5
    Checking untrusted v0.9.0
    Checking hashbrown v0.15.5
   Compiling thiserror v1.0.69
   Compiling autocfg v1.5.1
   Compiling paste v1.0.15
   Compiling num-conv v0.2.2
   Compiling time-core v0.1.9
   Compiling ring v0.17.14
   Compiling num-traits v0.2.19
   Compiling rustls v0.23.45
    Checking hashlink v0.10.0
    Checking bitflags v2.13.2
   Compiling time-macros v0.2.32
    Checking powerfmt v0.2.0
    Checking deranged v0.5.8
    Checking ipnet v2.12.2
   Compiling getrandom v0.3.4
   Compiling synstructure v0.14.0
    Checking ppv-lite86 v0.2.21
   Compiling zmij v1.0.23
    Checking rand_chacha v0.3.1
    Checking rand_core v0.10.1
    Checking rand v0.8.8
    Checking http v1.5.0
   Compiling getrandom v0.4.3
    Checking time v0.3.55
    Checking minimal-lexical v0.2.1
   Compiling serde_json v1.0.151
    Checking netlink-packet-core v0.8.2
   Compiling zeroize_derive v1.5.0
   Compiling tracing-attributes v0.1.31
   Compiling curve25519-dalek-derive v0.1.1
   Compiling pin-project-internal v1.1.13
   Compiling prost-derive v0.14.4
   Compiling futures-macro v0.3.34
   Compiling zerofrom-derive v0.1.8
    Checking zeroize v1.9.0
   Compiling displaydoc v0.2.7
   Compiling yoke-derive v0.8.4
   Compiling zerovec-derive v0.11.6
    Checking tracing v0.1.44
    Checking futures-util v0.3.34
   Compiling thiserror-impl v2.0.21
   Compiling tokio-macros v2.7.2
   Compiling serde_derive v1.0.229
    Checking zerofrom v0.1.8
    Checking pin-project v1.1.13
    Checking yoke v0.8.3
    Checking prost v0.14.4
    Checking zerotrie v0.2.5
   Compiling data-encoding-macro-internal v0.1.19
   Compiling match-lookup v0.1.3
    Checking tokio v1.53.2
    Checking zerovec v0.11.8
    Checking ed25519-dalek v2.2.0
    Checking tinystr v0.8.4
    Checking potential_utf v0.1.6
    Checking base256emoji v1.0.2
    Checking icu_collections v2.3.0
    Checking data-encoding-macro v0.1.21
    Checking icu_locale_core v2.3.0
    Checking multibase v0.9.3
    Checking libp2p-identity v0.2.14
    Checking rustls-pki-types v1.15.1
   Compiling thiserror-impl v1.0.69
   Compiling libp2p-swarm-derive v0.35.1
    Checking http-body v1.1.0
    Checking nom v7.1.3
    Checking icu_provider v2.3.1
    Checking futures-executor v0.3.34
    Checking rustls-webpki v0.103.15
    Checking asynchronous-codec v0.7.0
    Checking icu_properties v2.3.0
    Checking icu_normalizer v2.3.0
    Checking futures v0.3.34
    Checking rw-stream-sink v0.4.0
    Checking multistream-select v0.13.0
   Compiling synstructure v0.13.2
   Compiling nix v0.30.1
    Checking rusticata-macros v4.1.0
    Checking rand_core v0.9.5
    Checking futures-bounded v0.2.4
   Compiling asn1-rs-impl v0.2.0
   Compiling asn1-rs-derive v0.6.0
    Checking idna_adapter v1.2.2
    Checking tower-service v0.3.3
   Compiling libm v0.2.16
    Checking idna v1.1.0
    Checking url v2.5.8
   Compiling httparse v1.10.1
    Checking rand_chacha v0.9.0
    Checking quick-protobuf-codec v0.3.1
    Checking netlink-packet-route v0.28.0
    Checking multiaddr v0.18.2
    Checking num-integer v0.1.47
    Checking lazy_static v1.5.1
    Checking tinyvec v1.13.3
    Checking asn1-rs v0.7.2
    Checking base64 v0.22.1
    Checking libp2p-core v0.43.2
    Checking cpufeatures v0.3.1
   Compiling oid-registry v0.8.1
    Checking try-lock v0.2.5
    Checking httpdate v1.0.3
    Checking want v0.3.1
    Checking chacha20 v0.10.2
    Checking num-bigint v0.4.8
    Checking netlink-sys v0.8.8
    Checking netlink-proto v0.12.2
    Checking rand v0.9.5
    Checking libp2p-swarm v0.47.1
   Compiling async-trait v0.1.92
   Compiling quinn-udp v0.5.16
    Checking sync_wrapper v1.0.2
    Checking atomic-waker v1.1.2
   Compiling crunchy v0.2.4
   Compiling unicase v2.9.0
    Checking tower-layer v0.3.3
    Checking mime v0.3.17
    Checking siphasher v1.0.4
    Checking foldhash v0.2.0
   Compiling mime_guess v2.0.5
    Checking der-parser v10.0.0
    Checking hyper v1.11.1
    Checking fastbloom v0.17.0
    Checking rand v0.10.3
    Checking pem v3.0.6
    Checking http-body-util v0.1.5
    Checking yasna v0.5.2
    Checking rand_pcg v0.10.2
   Compiling quinn v0.11.12
    Checking socket2 v0.5.10
    Checking inout v0.1.4
   Compiling snow v0.9.6
    Checking lru-slab v0.1.3
    Checking base64 v0.23.1
    Checking nohash-hasher v0.2.0
   Compiling pkg-config v0.3.34
    Checking hex v0.4.3
   Compiling vcpkg v0.2.15
    Checking rustc-hash v2.1.3
    Checking utf8parse v0.2.2
    Checking anstyle-parse v1.0.0
    Checking quinn-proto v0.11.19
    Checking rcgen v0.13.2
    Checking hyper-util v0.1.21
    Checking cipher v0.4.4
    Checking x509-parser v0.17.0
    Checking tower v0.5.3
    Checking futures-rustls v0.26.0
    Checking tokio-util v0.7.19
   Compiling libsqlite3-sys v0.35.0
   Compiling enum-as-inner v0.6.1
    Checking universal-hash v0.5.1
    Checking opaque-debug v0.3.1
    Checking anstyle v1.0.14
    Checking colorchoice v1.0.5
    Checking is_terminal_polyfill v1.70.2
    Checking base64ct v1.8.3
    Checking ryu v1.0.23
    Checking regex-syntax v0.8.11
    Checking anstyle-query v1.1.5
    Checking anstream v1.0.0
    Checking serde_urlencoded v0.7.1
    Checking password-hash v0.5.0
    Checking hickory-proto v0.25.2
    Checking poly1305 v0.8.0
    Checking libp2p-tls v0.6.2
    Checking uint v0.10.2
    Checking chacha20 v0.9.1
    Checking rtnetlink v0.20.0
    Checking yamux v0.12.1
    Checking yamux v0.13.10
    Checking libp2p-request-response v0.29.0
    Checking tokio-rustls v0.26.6
    Checking regex-automata v0.4.18
    Checking webpki-roots v1.0.9
    Checking x25519-dalek v2.0.1
    Checking if-watch v3.2.2
    Checking blake2 v0.10.6
    Checking aead v0.5.2
    Checking clap_lex v1.1.1
    Checking http-range-header v0.4.2
    Checking strsim v0.11.1
    Checking tower-http v0.6.11
    Checking chacha20poly1305 v0.10.1
    Checking argon2 v0.5.3
    Checking libp2p-tcp v0.44.1
    Checking clap_builder v4.6.7
    Checking libp2p-autonat v0.15.0
    Checking hyper-rustls v0.27.10
    Checking libp2p-noise v0.46.1
    Checking libp2p-yamux v0.47.0
    Checking libp2p-kad v0.48.0
    Checking axum-core v0.5.6
    Checking libp2p-ping v0.47.0
    Checking matchers v0.2.0
    Checking libp2p-quic v0.13.1
    Checking libp2p-relay v0.21.1
    Checking libp2p-mdns v0.48.0
    Checking libp2p-identify v0.47.0
    Checking libp2p-allow-block-list v0.6.0
    Checking libp2p-connection-limits v0.6.0
    Checking libp2p-dcutr v0.14.1
    Checking sharded-slab v0.1.7
    Checking tracing-serde v0.2.0
    Checking uuid v1.27.0
   Compiling clap_derive v4.6.7
    Checking serde_path_to_error v0.1.20
    Checking tracing-log v0.2.0
    Checking thread_local v1.1.10
   Compiling porch-node v0.1.1 (/workspace/scratch/99d40d4d7098/InfinitePorch/crates/porch-node)
    Checking matchit v0.8.4
    Checking fallible-streaming-iterator v0.1.9
    Checking nu-ansi-term v0.50.3
    Checking fallible-iterator v0.3.0
    Checking porch-core v0.1.1 (/workspace/scratch/99d40d4d7098/InfinitePorch/crates/porch-core)
    Checking axum v0.8.9
    Checking libp2p v0.56.0
    Checking tracing-subscriber v0.3.23
    Checking reqwest v0.12.28
    Checking tokio-stream v0.1.19
    Checking clap v4.6.7
    Checking rusqlite v0.37.0
error[E0505]: cannot move out of `node` because it is borrowed
   --> crates/porch-node/src/api.rs:203:21
    |
191 | pub async fn serve(node: Arc<Node>, ui: PathBuf) -> Result<()> {
    |                    ---- binding `node` declared here
...
201 |         .layer(DefaultBodyLimit::max(node.config.read().unwrap().limits.request_body_bytes))
    |                                      ---------------------------
    |                                      |
    |                                      borrow of `node` occurs here
    |                                      a temporary with access to the borrow is created here ...
202 |         .layer(middleware::from_fn_with_state(node.clone(), guard))
203 |         .with_state(node);
    |                     ^^^^ - ... and the borrow might be used here, when that temporary is dropped and runs the `Drop` code for type `std::sync::RwLockReadGuard`
    |                     |
    |                     move out of `node` occurs here

For more information about this error, try `rustc --explain E0505`.
error: could not compile `porch-node` (lib) due to 1 previous error
