    Updating crates.io index
 Downloading crates ...
  Downloaded anstyle-parse v1.0.0
  Downloaded aead v0.5.2
  Downloaded anyhow v1.0.104
  Downloaded anstyle-query v1.1.5
  Downloaded anstream v1.0.0
  Downloaded block-buffer v0.10.4
  Downloaded asn1-rs-impl v0.2.0
  Downloaded crypto-common v0.1.7
  Downloaded base45 v3.2.0
  Downloaded fallible-streaming-iterator v0.1.9
  Downloaded base256emoji v1.0.2
  Downloaded atomic-waker v1.1.2
  Downloaded asynchronous-codec v0.7.0
  Downloaded arrayref v0.3.9
  Downloaded clap_lex v1.1.1
  Downloaded byteorder v1.5.0
  Downloaded base-x v0.2.11
  Downloaded axum-core v0.5.6
  Downloaded bytes v1.12.1
  Downloaded anstyle v1.0.14
  Downloaded futures-channel v0.3.34
  Downloaded cfg-if v1.0.5
  Downloaded asn1-rs-derive v0.6.0
  Downloaded cpufeatures v0.3.1
  Downloaded bs58 v0.5.1
  Downloaded argon2 v0.5.3
  Downloaded aes-gcm v0.10.3
  Downloaded const-str v0.4.3
  Downloaded asn1-rs v0.7.2
  Downloaded cfg_aliases v0.2.2
  Downloaded bitflags v2.13.2
  Downloaded base64 v0.22.1
  Downloaded ctr v0.9.2
  Downloaded colorchoice v1.0.5
  Downloaded data-encoding-macro-internal v0.1.19
  Downloaded crunchy v0.2.4
  Downloaded critical-section v1.2.0
  Downloaded cpufeatures v0.2.17
  Downloaded base64 v0.23.1
  Downloaded async-trait v0.1.92
  Downloaded errno v0.3.14
  Downloaded dtoa v1.0.11
  Downloaded data-encoding-macro v0.1.21
  Downloaded curve25519-dalek-derive v0.1.1
  Downloaded foldhash v0.1.5
  Downloaded chacha20 v0.9.1
  Downloaded axum v0.8.9
  Downloaded digest v0.10.7
  Downloaded form_urlencoded v1.2.2
  Downloaded base64ct v1.8.3
  Downloaded aes v0.8.4
  Downloaded crossbeam-epoch v0.9.21
  Downloaded autocfg v1.5.1
  Downloaded cipher v0.4.4
  Downloaded chacha20poly1305 v0.10.1
  Downloaded blake2 v0.10.6
  Downloaded crossbeam-channel v0.5.17
  Downloaded ghash v0.5.1
  Downloaded futures-task v0.3.34
  Downloaded futures-core v0.3.34
  Downloaded fnv v1.0.7
  Downloaded enum-as-inner v0.6.1
  Downloaded chacha20 v0.10.2
  Downloaded ed25519 v2.2.3
  Downloaded const-oid v0.9.6
  Downloaded futures-io v0.3.34
  Downloaded futures-bounded v0.2.4
  Downloaded foldhash v0.2.0
  Downloaded deranged v0.5.8
  Downloaded crossbeam-utils v0.8.23
  Downloaded getrandom v0.4.3
  Downloaded futures-macro v0.3.34
  Downloaded equivalent v1.0.2
  Downloaded generic-array v0.14.7
  Downloaded futures-timer v3.0.4
  Downloaded find-msvc-tools v0.1.14
  Downloaded displaydoc v0.2.7
  Downloaded clap_derive v4.6.7
  Downloaded der-parser v10.0.0
  Downloaded clap v4.6.7
  Downloaded cc v1.6.0
  Downloaded futures-sink v0.3.34
  Downloaded futures v0.3.34
  Downloaded aho-corasick v1.1.5
  Downloaded getrandom v0.3.4
  Downloaded fastbloom v0.17.0
  Downloaded either v1.18.0
  Downloaded futures-rustls v0.26.0
  Downloaded futures-executor v0.3.34
  Downloaded ed25519-dalek v2.2.0
  Downloaded futures-util v0.3.34
  Downloaded getrandom v0.2.17
  Downloaded fastrand v2.5.0
  Downloaded h2 v0.4.19
  Downloaded data-encoding v2.11.1
  Downloaded attohttpc v0.30.1
  Downloaded fallible-iterator v0.3.0
  Downloaded clap_builder v4.6.7
  Downloaded der v0.7.10
  Downloaded pkcs8 v0.10.2
  Downloaded curve25519-dalek v4.1.3
  Downloaded ppv-lite86 v0.2.21
  Downloaded pin-project-lite v0.2.17
  Downloaded rand v0.8.8
  Downloaded rand v0.9.5
  Downloaded prometheus-client v0.23.1
  Downloaded proc-macro2 v1.0.107
  Downloaded rand_pcg v0.10.2
  Downloaded rcgen v0.13.2
  Downloaded rusqlite v0.37.0
  Downloaded siphasher v1.0.4
  Downloaded rustc_version v0.4.1
  Downloaded sync_wrapper v1.0.2
  Downloaded rusticata-macros v4.1.0
  Downloaded rustc-hash v2.1.3
  Downloaded signal-hook-registry v1.4.8
  Downloaded signature v2.2.0
  Downloaded shlex v2.0.1
  Downloaded rustix v1.1.5
  Downloaded thread_local v1.1.10
  Downloaded tower-layer v0.3.3
  Downloaded synstructure v0.13.2
  Downloaded thiserror-impl v2.0.21
  Downloaded time v0.3.55
  Downloaded yoke-derive v0.8.4
  Downloaded yoke v0.8.3
  Downloaded untrusted v0.9.0
  Downloaded tower-http v0.6.11
  Downloaded want v0.3.1
  Downloaded tower v0.5.3
  Downloaded unsigned-varint v0.8.0
  Downloaded uint v0.10.2
  Downloaded unsigned-varint v0.7.2
  Downloaded x509-parser v0.17.0
  Downloaded zerovec v0.11.8
  Downloaded zerovec-derive v0.11.6
  Downloaded hyper v1.11.1
  Downloaded zmij v1.0.23
  Downloaded icu_properties_data v2.3.0
  Downloaded hashbrown v0.17.1
  Downloaded httpdate v1.0.3
  Downloaded icu_properties v2.3.0
  Downloaded libp2p-allow-block-list v0.6.0
  Downloaded libp2p-quic v0.13.1
  Downloaded idna v1.1.0
  Downloaded lru-slab v0.1.3
  Downloaded libp2p-autonat v0.15.0
  Downloaded icu_provider v2.3.1
  Downloaded libp2p v0.56.0
  Downloaded libp2p-ping v0.47.0
  Downloaded libp2p-relay v0.21.1
  Downloaded libp2p-noise v0.46.1
  Downloaded match-lookup v0.1.3
  Downloaded nom v7.1.3
  Downloaded mio v1.2.4
  Downloaded multiaddr v0.18.2
  Downloaded oid-registry v0.8.1
  Downloaded num-integer v0.1.47
  Downloaded moka v0.12.16
  Downloaded quinn-proto v0.11.19
  Downloaded num-traits v0.2.19
  Downloaded quinn v0.11.12
  Downloaded parking_lot v0.12.5
  Downloaded once_cell v1.21.4
  Downloaded serde_urlencoded v0.7.1
  Downloaded rand_core v0.9.5
  Downloaded opaque-debug v0.3.1
  Downloaded sha2 v0.10.9
  Downloaded rtnetlink v0.20.0
  Downloaded resolv-conf v0.7.6
  Downloaded reqwest v0.12.28
  Downloaded ring v0.17.14
  Downloaded tagptr v0.2.0
  Downloaded version_check v0.9.5
  Downloaded tracing-serde v0.2.0
  Downloaded tracing-log v0.2.0
  Downloaded tracing-attributes v0.1.31
  Downloaded subtle v2.6.1
  Downloaded spki v0.7.3
  Downloaded synstructure v0.14.0
  Downloaded yasna v0.5.2
  Downloaded vcpkg v0.2.15
  Downloaded tracing-core v0.1.36
  Downloaded syn v3.0.6
  Downloaded syn v2.0.119
  Downloaded zerocopy v0.8.59
  Downloaded hmac v0.12.1
  Downloaded hkdf v0.12.4
  Downloaded icu_normalizer_data v2.3.0
  Downloaded zerofrom v0.1.8
  Downloaded itoa v1.0.18
  Downloaded lazy_static v1.5.1
  Downloaded idna_adapter v1.2.2
  Downloaded hyper-util v0.1.21
  Downloaded netlink-proto v0.12.2
  Downloaded libp2p-dns v0.44.0
  Downloaded if-watch v3.2.2
  Downloaded pin-project v1.1.13
  Downloaded mime v0.3.17
  Downloaded percent-encoding v2.3.2
  Downloaded lock_api v0.4.14
  Downloaded libp2p-swarm v0.47.1
  Downloaded libp2p-identify v0.47.0
  Downloaded parking_lot_core v0.9.12
  Downloaded netlink-packet-route v0.28.0
  Downloaded memchr v2.8.3
  Downloaded powerfmt v0.2.0
  Downloaded time-core v0.1.9
  Downloaded ryu v1.0.23
  Downloaded quick-protobuf v0.8.1
  Downloaded serde_json v1.0.151
  Downloaded rand_core v0.10.1
  Downloaded serde_derive v1.0.229
  Downloaded socket2 v0.5.10
  Downloaded time-macros v0.2.32
  Downloaded regex-automata v0.4.18
  Downloaded rand v0.10.3
  Downloaded snow v0.9.6
  Downloaded tower-service v0.3.3
  Downloaded zerofrom-derive v0.1.8
  Downloaded yamux v0.13.10
  Downloaded tokio-util v0.7.19
  Downloaded utf8parse v0.2.2
  Downloaded utf8_iter v1.0.4
  Downloaded tracing v0.1.44
  Downloaded libp2p-dcutr v0.14.1
  Downloaded zeroize_derive v1.5.0
  Downloaded inout v0.1.4
  Downloaded igd-next v0.16.2
  Downloaded libp2p-request-response v0.29.0
  Downloaded zeroize v1.9.0
  Downloaded indexmap v2.14.2
  Downloaded zerotrie v0.2.5
  Downloaded matchers v0.2.0
  Downloaded pem v3.0.6
  Downloaded netlink-sys v0.8.8
  Downloaded matchit v0.8.4
  Downloaded scopeguard v1.2.0
  Downloaded rw-stream-sink v0.4.0
  Downloaded prost v0.14.4
  Downloaded nix v0.30.1
  Downloaded prost-derive v0.14.4
  Downloaded polyval v0.6.2
  Downloaded universal-hash v0.5.1
  Downloaded smallvec v1.16.2
  Downloaded tokio-macros v2.7.2
  Downloaded thiserror-impl v1.0.69
  Downloaded socket2 v0.6.5
  Downloaded regex-syntax v0.8.11
  Downloaded xml-rs v0.8.29
  Downloaded url v2.5.8
  Downloaded is_terminal_polyfill v1.70.2
  Downloaded hex v0.4.3
  Downloaded tokio-rustls v0.26.6
  Downloaded http-range-header v0.4.2
  Downloaded ipnet v2.12.2
  Downloaded hickory-proto v0.25.2
  Downloaded libp2p-tls v0.6.2
  Downloaded multihash v0.19.5
  Downloaded multibase v0.9.3
  Downloaded minimal-lexical v0.2.1
  Downloaded semver v1.0.28
  Downloaded itertools v0.14.0
  Downloaded thiserror v1.0.69
  Downloaded poly1305 v0.8.0
  Downloaded rustls-webpki v0.103.15
  Downloaded rustls-pki-types v1.15.1
  Downloaded pkg-config v0.3.34
  Downloaded libp2p-tcp v0.44.1
  Downloaded portable-atomic v1.15.0
  Downloaded tokio-stream v0.1.19
  Downloaded libsqlite3-sys v0.35.0
  Downloaded http-body v1.1.0
  Downloaded rand_core v0.6.4
  Downloaded log v0.4.34
  Downloaded mime_guess v2.0.5
  Downloaded litemap v0.8.3
  Downloaded libp2p-yamux v0.47.0
  Downloaded libp2p-connection-limits v0.6.0
  Downloaded yamux v0.12.1
  Downloaded sharded-slab v0.1.7
  Downloaded icu_locale_core v2.3.0
  Downloaded x25519-dalek v2.0.1
  Downloaded libp2p-swarm-derive v0.35.1
  Downloaded tracing-subscriber v0.3.23
  Downloaded libp2p-metrics v0.17.0
  Downloaded serde_path_to_error v0.1.20
  Downloaded rand_chacha v0.3.1
  Downloaded libp2p-mdns v0.48.0
  Downloaded unicode-ident v1.0.26
  Downloaded http-body-util v0.1.5
  Downloaded unicase v2.9.0
  Downloaded xmltree v0.10.3
  Downloaded writeable v0.6.4
  Downloaded tokio v1.53.2
  Downloaded serde_core v1.0.229
  Downloaded thiserror v2.0.21
  Downloaded web-time v1.1.0
  Downloaded num-conv v0.2.2
  Downloaded uuid v1.27.0
  Downloaded tinystr v0.8.4
  Downloaded potential_utf v0.1.6
  Downloaded pin-project-internal v1.1.13
  Downloaded heck v0.5.0
  Downloaded http v1.5.0
  Downloaded icu_collections v2.3.0
  Downloaded rand_chacha v0.9.0
  Downloaded tinyvec v1.13.3
  Downloaded libp2p-upnp v0.5.0
  Downloaded libp2p-identity v0.2.14
  Downloaded paste v1.0.15
  Downloaded num-bigint v0.4.8
  Downloaded libp2p-kad v0.48.0
  Downloaded webpki-roots v1.0.9
  Downloaded quick-protobuf-codec v0.3.1
  Downloaded prometheus-client-derive-encode v0.4.2
  Downloaded hashlink v0.10.0
  Downloaded static_assertions v1.1.0
  Downloaded typenum v1.20.1
  Downloaded hickory-resolver v0.25.2
  Downloaded rustls v0.23.45
  Downloaded quote v1.0.47
  Downloaded libc v0.2.190
  Downloaded nohash-hasher v0.2.0
  Downloaded strsim v0.11.1
  Downloaded stable_deref_trait v1.2.1
  Downloaded nu-ansi-term v0.50.3
  Downloaded tempfile v3.27.0
  Downloaded quinn-udp v0.5.16
  Downloaded multistream-select v0.13.0
  Downloaded slab v0.4.12
  Downloaded hyper-rustls v0.27.10
  Downloaded httparse v1.10.1
  Downloaded try-lock v0.2.5
  Downloaded icu_normalizer v2.3.0
  Downloaded netlink-packet-core v0.8.2
  Downloaded libp2p-core v0.43.2
  Downloaded password-hash v0.5.0
  Downloaded linux-raw-sys v0.12.1
  Downloaded libm v0.2.16
  Downloaded serde v1.0.229
  Downloaded hashbrown v0.15.5
error: rustc 1.88.0 is not supported by the following package:
  uuid@1.27.0 requires rustc 1.89.0
Either upgrade rustc or select compatible dependency versions with
`cargo update <name>@<current-ver> --precise <compatible-ver>`
where `<compatible-ver>` is the latest version supporting rustc 1.88.0

