   Compiling libc v0.2.190
   Compiling subtle v2.6.1
   Compiling zeroize v1.9.0
   Compiling serde_core v1.0.229
   Compiling syn v2.0.119
   Compiling syn v3.0.6
   Compiling once_cell v1.21.4
   Compiling getrandom v0.4.3
   Compiling serde_json v1.0.151
   Compiling tracing-core v0.1.36
   Compiling bytes v1.12.1
   Compiling memchr v2.8.3
   Compiling getrandom v0.2.17
   Compiling rand_core v0.6.4
   Compiling crypto-common v0.1.7
   Compiling rand_chacha v0.3.1
   Compiling password-hash v0.5.0
   Compiling digest v0.10.7
   Compiling universal-hash v0.5.1
   Compiling cipher v0.4.4
   Compiling sha2 v0.10.9
   Compiling hmac v0.12.1
   Compiling blake2 v0.10.6
   Compiling chacha20 v0.9.1
   Compiling hkdf v0.12.4
   Compiling poly1305 v0.8.0
   Compiling rand v0.8.8
   Compiling aead v0.5.2
   Compiling argon2 v0.5.3
   Compiling chacha20poly1305 v0.10.1
   Compiling thiserror-impl v2.0.21
   Compiling serde_derive v1.0.229
   Compiling uuid v1.27.0
   Compiling thiserror v2.0.21
   Compiling curve25519-dalek-derive v0.1.1
   Compiling tracing-attributes v0.1.31
   Compiling prost-derive v0.14.4
   Compiling curve25519-dalek v4.1.3
   Compiling serde v1.0.229
   Compiling prost v0.14.4
   Compiling tracing v0.1.44
   Compiling ed25519-dalek v2.2.0
   Compiling libp2p-identity v0.2.14
   Compiling porch-core v0.1.1 (/workspace/scratch/99d40d4d7098/InfinitePorch/crates/porch-core)
    Finished `dev` profile [unoptimized + debuginfo] target(s) in 5.78s
     Running `target/debug/examples/receipt-baseline`
