   Compiling porch-node v0.1.1 (/workspace/scratch/99d40d4d7098/InfinitePorch/crates/porch-node)
   Compiling porch-cli v0.1.1 (/workspace/scratch/99d40d4d7098/InfinitePorch/crates/porch-cli)
    Finished `test` profile [unoptimized + debuginfo] target(s) in 18.07s
     Running unittests src/main.rs (target/debug/deps/porch-8ab29a38d8fd5183)

running 0 tests

test result: ok. 0 passed; 0 failed; 0 ignored; 0 measured; 0 filtered out; finished in 0.00s

     Running unittests src/lib.rs (target/debug/deps/porch_core-1da66d8fd8c3aa7b)

running 5 tests
test tests::expired_grant_is_not_permission ... ok
test tests::router_cannot_trade_privacy_or_authority_for_speed ... ok
test tests::version_and_future_engine_boundaries_refuse_instead_of_fallback ... ok
test tests::ciphertext_is_private_integrity_bound_and_owner_bound ... ok
test tests::signatures_reject_tamper_and_cross_protocol_replay ... ok

test result: ok. 5 passed; 0 failed; 0 ignored; 0 measured; 0 filtered out; finished in 0.02s

     Running unittests src/lib.rs (target/debug/deps/porch_node-11a9cf9d6e364e00)

running 1 test
test wire_codec::tests::strict_limit_rejects_padding_and_oversized_writes ... ok

test result: ok. 1 passed; 0 failed; 0 ignored; 0 measured; 0 filtered out; finished in 0.00s

     Running unittests src/main.rs (target/debug/deps/porch_node-c6a4962c3e074898)

running 0 tests

test result: ok. 0 passed; 0 failed; 0 ignored; 0 measured; 0 filtered out; finished in 0.00s

     Running tests/caps.rs (target/debug/deps/caps-b5424010259f20e2)

running 3 tests
test migration_collision_and_oversized_evidence_preserve_source_state ... ok
test operator_caps_refuse_before_effect_and_keep_revocations ... ok
test stale_advertisements_cannot_route_or_authorize_a_prompt ... ok

test result: ok. 3 passed; 0 failed; 0 ignored; 0 measured; 0 filtered out; finished in 0.14s

     Running tests/faults.rs (target/debug/deps/faults-e7eadf1be2787fe8)

running 3 tests
test stolen_or_replayed_invite_and_pairing_race_have_one_winner ... ok
test lost_response_retries_original_executor_without_duplicate_effect ... FAILED
test duplicate_delayed_and_corrupted_frames_preserve_binding ... ok

failures:

---- lost_response_retries_original_executor_without_duplicate_effect stdout ----
Error: PEER_TRANSPORT_FAILURE:Connection was closed before a response was received


failures:
    lost_response_retries_original_executor_without_duplicate_effect

test result: FAILED. 2 passed; 1 failed; 0 ignored; 0 measured; 0 filtered out; finished in 0.69s

error: test failed, to rerun pass `-p porch-node --test faults`
