   Compiling porch-node v0.1.1 (/workspace/scratch/99d40d4d7098/InfinitePorch/crates/porch-node)
   Compiling porch-cli v0.1.1 (/workspace/scratch/99d40d4d7098/InfinitePorch/crates/porch-cli)
    Finished `test` profile [unoptimized + debuginfo] target(s) in 8.70s
     Running unittests src/main.rs (target/debug/deps/porch-1e71599f061a7ee8)

running 0 tests

test result: ok. 0 passed; 0 failed; 0 ignored; 0 measured; 0 filtered out; finished in 0.00s

     Running unittests src/lib.rs (target/debug/deps/porch_core-1da66d8fd8c3aa7b)

running 5 tests
test tests::expired_grant_is_not_permission ... ok
test tests::router_cannot_trade_privacy_or_authority_for_speed ... ok
test tests::version_and_future_engine_boundaries_refuse_instead_of_fallback ... ok
test tests::ciphertext_is_private_integrity_bound_and_owner_bound ... ok
test tests::signatures_reject_tamper_and_cross_protocol_replay ... ok

test result: ok. 5 passed; 0 failed; 0 ignored; 0 measured; 0 filtered out; finished in 0.02s

     Running unittests src/lib.rs (target/debug/deps/porch_node-52a1dad2f7b9c03b)

running 0 tests

test result: ok. 0 passed; 0 failed; 0 ignored; 0 measured; 0 filtered out; finished in 0.00s

     Running unittests src/main.rs (target/debug/deps/porch_node-a696a4ac0e2f2bc0)

running 0 tests

test result: ok. 0 passed; 0 failed; 0 ignored; 0 measured; 0 filtered out; finished in 0.00s

     Running tests/caps.rs (target/debug/deps/caps-60579fb25aa433bc)

running 3 tests
test migration_collision_and_oversized_evidence_preserve_source_state ... ok
test operator_caps_refuse_before_effect_and_keep_revocations ... ok
test stale_advertisements_cannot_route_or_authorize_a_prompt ... ok

test result: ok. 3 passed; 0 failed; 0 ignored; 0 measured; 0 filtered out; finished in 0.04s

     Running tests/faults.rs (target/debug/deps/faults-8efe92f2f189e3bc)

running 3 tests
test stolen_or_replayed_invite_and_pairing_race_have_one_winner ... ok
test lost_response_retries_original_executor_without_duplicate_effect ... ok
test duplicate_delayed_and_corrupted_frames_preserve_binding ... ok

test result: ok. 3 passed; 0 failed; 0 ignored; 0 measured; 0 filtered out; finished in 0.71s

     Running tests/provider_runtime.rs (target/debug/deps/provider_runtime-2875d5a64a6241c3)

running 2 tests
test reachability_loaded_inventory_and_invocation_are_separate ... ok
test changed_model_timeout_and_provider_death_never_return_substitute_output ... ok

test result: ok. 2 passed; 0 failed; 0 ignored; 0 measured; 0 filtered out; finished in 0.33s

     Running tests/providers.rs (target/debug/deps/providers-e10aa3aa7d7f7d9d)

running 2 tests
test ollama_http_contract_and_failure_behavior ... ok
test slow_provider_duplicate_timeout_and_revocation_are_bounded ... ok

test result: ok. 2 passed; 0 failed; 0 ignored; 0 measured; 0 filtered out; finished in 0.76s

     Running tests/qualification.rs (target/debug/deps/qualification-4f653db08ada8482)

running 6 tests
test observed_path_classification_never_labels_loopback_as_physical ... ok
test state_lock_missing_identity_and_unsafe_limits_fail_closed ... ok
test malformed_private_peer_data_never_enters_shared_refusal_evidence ... ok
test fingerprint_mismatch_is_refused_before_connecting ... ok
test schema_one_migration_backs_up_and_preserves_authority_and_identity ... ok
test evidence_is_signed_sanitized_and_schema_validated ... ok

test result: ok. 6 passed; 0 failed; 0 ignored; 0 measured; 0 filtered out; finished in 0.46s

     Running tests/recovery.rs (target/debug/deps/recovery-950208700cb82f9b)

running 2 tests
test uncertain_jobs_never_reexecute_after_restart ... ok
test completion_rename_recovery_and_expired_transfer_cleanup ... ok

test result: ok. 2 passed; 0 failed; 0 ignored; 0 measured; 0 filtered out; finished in 0.14s

     Running tests/security.rs (target/debug/deps/security-f79133c4fe964ce0)

running 4 tests
test ledger_modification_and_backward_clock_are_detected ... ok
test signing_material_survives_the_actual_wire_codec ... ok
test actual_transport_rejects_forgery_replay_and_wrong_principal ... ok
test expired_invites_and_grants_fail_closed ... ok

test result: ok. 4 passed; 0 failed; 0 ignored; 0 measured; 0 filtered out; finished in 1.33s

   Doc-tests porch_core

running 0 tests

test result: ok. 0 passed; 0 failed; 0 ignored; 0 measured; 0 filtered out; finished in 0.00s

   Doc-tests porch_node

running 0 tests

test result: ok. 0 passed; 0 failed; 0 ignored; 0 measured; 0 filtered out; finished in 0.00s

