   Compiling cfg-if v1.0.5
   Compiling pin-project-lite v0.2.17
   Compiling memchr v2.8.3
   Compiling bytes v1.12.1
   Compiling libc v0.2.190
   Compiling smallvec v1.16.2
   Compiling futures-core v0.3.34
   Compiling portable-atomic v1.15.0
   Compiling log v0.4.34
   Compiling subtle v2.6.1
   Compiling critical-section v1.2.0
   Compiling futures-sink v0.3.34
   Compiling typenum v1.20.1
   Compiling slab v0.4.12
   Compiling futures-io v0.3.34
   Compiling futures-channel v0.3.34
   Compiling zeroize v1.9.0
   Compiling futures-task v0.3.34
   Compiling scopeguard v1.2.0
   Compiling zerofrom v0.1.8
   Compiling stable_deref_trait v1.2.1
   Compiling lock_api v0.4.14
   Compiling thiserror v2.0.21
   Compiling yoke v0.8.3
   Compiling futures-util v0.3.34
   Compiling once_cell v1.21.4
   Compiling zerovec v0.11.8
   Compiling zerocopy v0.8.59
   Compiling tracing-core v0.1.36
   Compiling serde_core v1.0.229
   Compiling cpufeatures v0.2.17
   Compiling writeable v0.6.4
   Compiling litemap v0.8.3
   Compiling generic-array v0.14.7
   Compiling tracing v0.1.44
   Compiling tinystr v0.8.4
   Compiling potential_utf v0.1.6
   Compiling icu_locale_core v2.3.0
   Compiling zerotrie v0.2.5
   Compiling utf8_iter v1.0.4
   Compiling block-buffer v0.10.4
   Compiling percent-encoding v2.3.2
   Compiling icu_collections v2.3.0
   Compiling icu_normalizer_data v2.3.0
   Compiling icu_properties_data v2.3.0
   Compiling anyhow v1.0.104
   Compiling form_urlencoded v1.2.2
   Compiling getrandom v0.2.17
   Compiling parking_lot_core v0.9.12
   Compiling rand_core v0.6.4
   Compiling parking_lot v0.12.5
   Compiling socket2 v0.6.5
   Compiling errno v0.3.14
   Compiling crypto-common v0.1.7
   Compiling signal-hook-registry v1.4.8
   Compiling digest v0.10.7
   Compiling mio v1.2.4
   Compiling icu_provider v2.3.1
   Compiling curve25519-dalek v4.1.3
   Compiling signature v2.2.0
   Compiling unsigned-varint v0.8.0
   Compiling ed25519 v2.2.3
   Compiling icu_normalizer v2.3.0
   Compiling tokio v1.53.2
   Compiling icu_properties v2.3.0
   Compiling sha2 v0.10.9
   Compiling serde v1.0.229
   Compiling futures-executor v0.3.34
   Compiling hmac v0.12.1
   Compiling prost-derive v0.14.4
   Compiling hkdf v0.12.4
   Compiling futures v0.3.34
   Compiling ed25519-dalek v2.2.0
   Compiling idna_adapter v1.2.2
   Compiling multihash v0.19.5
   Compiling idna v1.1.0
   Compiling data-encoding v2.11.1
   Compiling bs58 v0.5.1
   Compiling static_assertions v1.1.0
   Compiling pin-project v1.1.13
   Compiling byteorder v1.5.0
   Compiling const-str v0.4.3
   Compiling base45 v3.2.0
   Compiling url v2.5.8
   Compiling data-encoding-macro v0.1.21
   Compiling itoa v1.0.18
   Compiling base256emoji v1.0.2
   Compiling base-x v0.2.11
   Compiling quick-protobuf v0.8.1
   Compiling multibase v0.9.3
   Compiling futures-timer v3.0.4
   Compiling unsigned-varint v0.7.2
   Compiling arrayref v0.3.9
   Compiling web-time v1.1.0
   Compiling fnv v1.0.7
   Compiling multistream-select v0.13.0
   Compiling rw-stream-sink v0.4.0
   Compiling either v1.18.0
   Compiling ppv-lite86 v0.2.21
   Compiling untrusted v0.9.0
   Compiling foldhash v0.1.5
   Compiling ring v0.17.14
   Compiling rustls-pki-types v1.15.1
   Compiling rand_chacha v0.3.1
   Compiling hashbrown v0.15.5
   Compiling prost v0.14.4
   Compiling rand_core v0.10.1
   Compiling bitflags v2.13.2
   Compiling thiserror v1.0.69
   Compiling rand v0.8.8
   Compiling hashlink v0.10.0
   Compiling num-conv v0.2.2
   Compiling time-core v0.1.9
   Compiling getrandom v0.4.3
   Compiling zmij v1.0.23
   Compiling time-macros v0.2.32
   Compiling ipnet v2.12.2
   Compiling deranged v0.5.8
   Compiling powerfmt v0.2.0
   Compiling serde_json v1.0.151
   Compiling num-traits v0.2.19
   Compiling http v1.5.0
   Compiling libp2p-identity v0.2.14
   Compiling rustls-webpki v0.103.15
   Compiling multiaddr v0.18.2
   Compiling time v0.3.55
   Compiling minimal-lexical v0.2.1
   Compiling rustls v0.23.45
   Compiling libp2p-core v0.43.2
   Compiling nom v7.1.3
   Compiling http-body v1.1.0
   Compiling netlink-packet-core v0.8.2
   Compiling getrandom v0.3.4
   Compiling asynchronous-codec v0.7.0
   Compiling rand_core v0.9.5
   Compiling netlink-sys v0.8.8
   Compiling futures-bounded v0.2.4
   Compiling tower-service v0.3.3
   Compiling rand_chacha v0.9.0
   Compiling netlink-proto v0.12.2
   Compiling nix v0.30.1
   Compiling netlink-packet-route v0.28.0
   Compiling libp2p-swarm v0.47.1
   Compiling quick-protobuf-codec v0.3.1
   Compiling num-integer v0.1.47
   Compiling rusticata-macros v4.1.0
   Compiling inout v0.1.4
   Compiling try-lock v0.2.5
   Compiling asn1-rs v0.7.2
   Compiling cpufeatures v0.3.1
   Compiling tinyvec v1.13.3
   Compiling hex v0.4.3
   Compiling lazy_static v1.5.1
   Compiling base64 v0.22.1
   Compiling httpdate v1.0.3
   Compiling chacha20 v0.10.2
   Compiling want v0.3.1
   Compiling cipher v0.4.4
   Compiling num-bigint v0.4.8
   Compiling rand v0.9.5
   Compiling libm v0.2.16
   Compiling httparse v1.10.1
   Compiling universal-hash v0.5.1
   Compiling sync_wrapper v1.0.2
   Compiling opaque-debug v0.3.1
   Compiling base64ct v1.8.3
   Compiling mime v0.3.17
   Compiling atomic-waker v1.1.2
   Compiling foldhash v0.2.0
   Compiling tower-layer v0.3.3
   Compiling unicase v2.9.0
   Compiling siphasher v1.0.4
   Compiling hyper v1.11.1
   Compiling password-hash v0.5.0
   Compiling mime_guess v2.0.5
   Compiling fastbloom v0.17.0
   Compiling poly1305 v0.8.0
   Compiling der-parser v10.0.0
   Compiling oid-registry v0.8.1
   Compiling chacha20 v0.9.1
   Compiling rand v0.10.3
   Compiling pem v3.0.6
   Compiling yasna v0.5.2
   Compiling http-body-util v0.1.5
   Compiling rand_pcg v0.10.2
   Compiling blake2 v0.10.6
   Compiling aead v0.5.2
   Compiling socket2 v0.5.10
   Compiling utf8parse v0.2.2
   Compiling base64 v0.23.1
   Compiling nohash-hasher v0.2.0
   Compiling lru-slab v0.1.3
   Compiling rustc-hash v2.1.3
   Compiling argon2 v0.5.3
   Compiling anstyle-parse v1.0.0
   Compiling quinn-proto v0.11.19
   Compiling chacha20poly1305 v0.10.1
   Compiling hyper-util v0.1.21
   Compiling rcgen v0.13.2
   Compiling x509-parser v0.17.0
   Compiling quinn-udp v0.5.16
   Compiling tower v0.5.3
   Compiling crunchy v0.2.4
   Compiling rtnetlink v0.20.0
   Compiling futures-rustls v0.26.0
   Compiling tokio-util v0.7.19
   Compiling uuid v1.27.0
   Compiling anstyle-query v1.1.5
   Compiling ryu v1.0.23
   Compiling colorchoice v1.0.5
   Compiling is_terminal_polyfill v1.70.2
   Compiling anstyle v1.0.14
   Compiling regex-syntax v0.8.11
   Compiling serde_urlencoded v0.7.1
   Compiling hickory-proto v0.25.2
   Compiling anstream v1.0.0
   Compiling libp2p-tls v0.6.2
   Compiling uint v0.10.2
   Compiling snow v0.9.6
   Compiling yamux v0.12.1
   Compiling yamux v0.13.10
   Compiling tokio-rustls v0.26.6
   Compiling regex-automata v0.4.18
   Compiling libp2p-request-response v0.29.0
   Compiling webpki-roots v1.0.9
   Compiling x25519-dalek v2.0.1
   Compiling clap_lex v1.1.1
   Compiling http-range-header v0.4.2
   Compiling quinn v0.11.12
   Compiling strsim v0.11.1
   Compiling libp2p-autonat v0.15.0
   Compiling if-watch v3.2.2
   Compiling libp2p-tcp v0.44.1
   Compiling clap_builder v4.6.7
   Compiling libp2p-quic v0.13.1
   Compiling tower-http v0.6.11
   Compiling matchers v0.2.0
   Compiling libp2p-mdns v0.48.0
   Compiling libp2p-noise v0.46.1
   Compiling hyper-rustls v0.27.10
   Compiling libp2p-yamux v0.47.0
   Compiling libsqlite3-sys v0.35.0
   Compiling libp2p-kad v0.48.0
   Compiling porch-core v0.1.1 (/workspace/scratch/99d40d4d7098/InfinitePorch/crates/porch-core)
   Compiling axum-core v0.5.6
   Compiling libp2p-identify v0.47.0
   Compiling libp2p-ping v0.47.0
   Compiling libp2p-dcutr v0.14.1
   Compiling libp2p-relay v0.21.1
   Compiling libp2p-connection-limits v0.6.0
   Compiling libp2p-allow-block-list v0.6.0
   Compiling sharded-slab v0.1.7
   Compiling serde_path_to_error v0.1.20
   Compiling tracing-serde v0.2.0
   Compiling tracing-log v0.2.0
   Compiling thread_local v1.1.10
   Compiling fallible-streaming-iterator v0.1.9
   Compiling fallible-iterator v0.3.0
   Compiling nu-ansi-term v0.50.3
   Compiling matchit v0.8.4
   Compiling libp2p v0.56.0
   Compiling tracing-subscriber v0.3.23
   Compiling axum v0.8.9
   Compiling rusqlite v0.37.0
   Compiling clap v4.6.7
   Compiling reqwest v0.12.28
   Compiling tokio-stream v0.1.19
   Compiling rustix v1.1.5
   Compiling linux-raw-sys v0.12.1
   Compiling fastrand v2.5.0
   Compiling tempfile v3.27.0
   Compiling porch-node v0.1.1 (/workspace/scratch/99d40d4d7098/InfinitePorch/crates/porch-node)
   Compiling porch-cli v0.1.1 (/workspace/scratch/99d40d4d7098/InfinitePorch/crates/porch-cli)
    Finished `test` profile [unoptimized + debuginfo] target(s) in 30.34s
     Running unittests src/main.rs (target/debug/deps/porch-1e71599f061a7ee8)

running 0 tests

test result: ok. 0 passed; 0 failed; 0 ignored; 0 measured; 0 filtered out; finished in 0.00s

     Running unittests src/lib.rs (target/debug/deps/porch_core-1da66d8fd8c3aa7b)

running 5 tests
test tests::router_cannot_trade_privacy_or_authority_for_speed ... ok
test tests::expired_grant_is_not_permission ... ok
test tests::version_and_future_engine_boundaries_refuse_instead_of_fallback ... ok
test tests::ciphertext_is_private_integrity_bound_and_owner_bound ... ok
test tests::signatures_reject_tamper_and_cross_protocol_replay ... ok

test result: ok. 5 passed; 0 failed; 0 ignored; 0 measured; 0 filtered out; finished in 0.02s

     Running unittests src/lib.rs (target/debug/deps/porch_node-52a1dad2f7b9c03b)

running 0 tests

test result: ok. 0 passed; 0 failed; 0 ignored; 0 measured; 0 filtered out; finished in 0.00s

     Running unittests src/main.rs (target/debug/deps/porch_node-a696a4ac0e2f2bc0)

running 0 tests

test result: ok. 0 passed; 0 failed; 0 ignored; 0 measured; 0 filtered out; finished in 0.00s

     Running tests/providers.rs (target/debug/deps/providers-e10aa3aa7d7f7d9d)

running 2 tests
test ollama_http_contract_and_failure_behavior ... ok
test slow_provider_duplicate_timeout_and_revocation_are_bounded ... ok

test result: ok. 2 passed; 0 failed; 0 ignored; 0 measured; 0 filtered out; finished in 0.76s

     Running tests/recovery.rs (target/debug/deps/recovery-950208700cb82f9b)

running 2 tests
test uncertain_jobs_never_reexecute_after_restart ... ok
test completion_rename_recovery_and_expired_transfer_cleanup ... ok

test result: ok. 2 passed; 0 failed; 0 ignored; 0 measured; 0 filtered out; finished in 0.12s

     Running tests/security.rs (target/debug/deps/security-f79133c4fe964ce0)

running 4 tests
test ledger_modification_and_backward_clock_are_detected ... ok
test signing_material_survives_the_actual_wire_codec ... ok
test actual_transport_rejects_forgery_replay_and_wrong_principal ... ok
test expired_invites_and_grants_fail_closed ... ok

test result: ok. 4 passed; 0 failed; 0 ignored; 0 measured; 0 filtered out; finished in 1.33s

   Doc-tests porch_core

running 0 tests

test result: ok. 0 passed; 0 failed; 0 ignored; 0 measured; 0 filtered out; finished in 0.00s

   Doc-tests porch_node

running 0 tests

test result: ok. 0 passed; 0 failed; 0 ignored; 0 measured; 0 filtered out; finished in 0.00s

